<html>
<body>
<pre>
<h1>µVision Build Log</h1>
<h2>Tool Versions:</h2>
IDE-Version: ¦ÌVision V5.21.1.0
Copyright (C) 2016 ARM Ltd and ARM Germany GmbH. All rights reserved.
License Information: lemon lemon, lemon, LIC=RC9SB-2ZS3W-8F6IE-59E9M-4AUN4-VHDS3
 
Tool Versions:
Toolchain:       MDK-ARM Plus  Version: 5.21a
Toolchain Path:  C:\Keil_v5\ARM\ARMCC\Bin
C Compiler:      Armcc.exe V5.06 update 3 (build 300)
Assembler:       Armasm.exe V5.06 update 3 (build 300)
Linker/Locator:  ArmLink.exe V5.06 update 3 (build 300)
Library Manager: ArmAr.exe V5.06 update 3 (build 300)
Hex Converter:   FromElf.exe V5.06 update 3 (build 300)
CPU DLL:         
Dialog DLL:      
Target DLL:      Segger\JL2CM3.dll V2.99.23.0
Dialog DLL:      TCM.DLL V1.14.14.0
 
<h2>Project:</h2>
D:\gitlab\zhengtai\nRF5_SDK_14.2.0_17b948a\examples\dfu\bootloader_secure_ble\pca10040\arm5_no_packs\secure_dfu_ble_s132_pca10040.uvprojx
Project File Date:  09/21/2020

<h2>Output:</h2>
*** Using Compiler 'V5.06 update 3 (build 300)', folder: 'C:\Keil_v5\ARM\ARMCC\Bin'
Build target 'nrf52832_xxaa_s132'
compiling public_key.c...
compiling boards.c...
compiling main.c...
compiling dfu_req_handling.c...
compiling ble_srv_common.c...
compiling nrf_bootloader.c...
compiling nrf_ble_dfu.c...
compiling nrf_bootloader_app_start.c...
compiling nrf_dfu.c...
compiling nrf_dfu_flash.c...
compiling nrf_dfu_handling_error.c...
compiling nrf_dfu_mbr.c...
compiling nrf_dfu_settings.c...
compiling nrf_dfu_settings_svci.c...
compiling nrf_dfu_transport.c...
compiling nrf_dfu_utils.c...
compiling nrf_crypto_ecdh.c...
compiling nrf_crypto_ecdsa.c...
compiling nrf_crypto_init.c...
compiling nrf_crypto_hash.c...
compiling nrf_crypto_keys.c...
compiling nrf_crypto_mem.c...
compiling micro_ecc_lib_ecdh.c...
compiling nrf_crypto_rng.c...
compiling micro_ecc_lib_ecdsa.c...
compiling micro_ecc_lib_init.c...
compiling micro_ecc_lib_keys.c...
compiling micro_ecc_lib_shared.c...
compiling nrf_crypto_sw_rng.c...
compiling nrf_crypto_sw_hash.c...
compiling nrf_drv_common.c...
compiling nrf_drv_rng.c...
compiling nrf_drv_clock.c...
compiling app_scheduler.c...
compiling app_error_weak.c...
compiling app_timer.c...
compiling app_util_platform.c...
compiling crc32.c...
compiling hci_mem_pool.c...
compiling nrf_assert.c...
compiling nrf_atfifo.c...
compiling mem_manager.c...
compiling nrf_fstorage.c...
compiling nrf_fstorage_nvmc.c...
compiling nrf_queue.c...
compiling nrf_fstorage_sd.c...
compiling sha256.c...
compiling nrf_section_iter.c...
compiling nrf_strerror.c...
compiling nrf_dfu_svci.c...
compiling nrf_svc_handler.c...
compiling nrf_dfu_svci_handler.c...
compiling nrf_sdh.c...
compiling nrf_sdh_soc.c...
compiling nrf_sdh_ble.c...
linking...
Program Size: Code=22204 RO-data=1876 RW-data=156 ZI-data=19344  
FromELF: creating hex file...
".\_build\nrf52832_xxaa_s132.axf" - 0 Error(s), 0 Warning(s).

<h2>Software Packages used:</h2>

Package Vendor: ARM
                http://www.keil.com/pack/ARM.CMSIS.4.5.0.pack
                ARM::CMSIS:CORE:4.3.0
                CMSIS (Cortex Microcontroller Software Interface Standard)
   * Component: CORE Version: 4.3.0

Package Vendor: NordicSemiconductor
                http://developer.nordicsemi.com/nRF5_SDK/pieces/nRF_DeviceFamilyPack/NordicSemiconductor.nRF_DeviceFamilyPack.8.15.0.pack
                NordicSemiconductor::Device:Startup:8.15.0
                Nordic Semiconductor nRF ARM devices Device Family Pack.
   * Component: Startup Version: 8.15.0

<h2>Collection of Component include folders:</h2>
  D:\gitlab\zhengtai\nRF5_SDK_14.2.0_17b948a\examples\dfu\bootloader_secure_ble\pca10040\arm5_no_packs\RTE
  C:\Keil_v5\ARM\PACK\ARM\CMSIS\4.5.0\CMSIS\Include
  C:\Keil_v5\ARM\PACK\NordicSemiconductor\nRF_DeviceFamilyPack\8.15.0\Device\Include
  C:\Keil_v5\ARM\PACK\NordicSemiconductor\nRF_DeviceFamilyPack\8.27.1\Device\Include

<h2>Collection of Component Files used:</h2>

   * Component: ARM::CMSIS:CORE:4.3.0

   * Component: NordicSemiconductor::Device:Startup:8.15.0
      Source file:   Device\Source\arm\arm_startup_nrf52.s
      Source file:   Device\Source\system_nrf52.c
      Include file:  Device\Include\system_nrf52.h
Build Time Elapsed:  00:00:53
</pre>
</body>
</html>
